// Jest Snapshot v1, https://goo.gl/fbAQLP

exports[`Home page snapshot tests Renders the component 1`] = `
<div>
  <form
    onSubmit={[Function]}
  >
    <input
      onChange={[Function]}
      placeholder="city"
      type="text"
      value=""
    />
    <input
      onChange={[Function]}
      placeholder="country"
      type="text"
      value=""
    />
    <button
      onClick={[Function]}
    >
      Submit
    </button>
  </form>
  <div />
</div>
`;
